// Jest Snapshot v1, https://goo.gl/fbAQLP

exports[`Card should match the snapshot with all data passed in correctly 1`] = `
<div
  className="card"
>
  <div
    className="card-div"
  >
    <h1
      className="card-title"
    >
      Alderaan
      <button
        onClick={[Function]}
      >
        <i
          className="far fa-star"
        />
      </button>
    </h1>
    <i
      className="fas fa-globe"
      style={
        Object {
          "fontSize": "45px",
        }
      }
    />
    <br />
    <p
      className="card-body"
    >
      Terrain: 
      grasslands, mountains
      <br />
      Population: 
      2000000000
      <br />
      Climate: 
      temperate
      <br />
      Residents: 
       https://swapi.co/api/people/5/,
       https://swapi.co/api/people/68/,
       https://swapi.co/api/people/81/,
    </p>
  </div>
</div>
`;
