// Jest Snapshot v1, https://goo.gl/fbAQLP

exports[`Navigation should match the snapshot with all data passed in correctly 1`] = `
<div
  className="navigation-container"
>
  <div
    className="logo"
  >
    SWAPI-BOX
  </div>
  <a
    className="people-link"
    href="www.google.com"
    name="people"
    onClick={[Function]}
  >
    <i
      className="fas fa-male"
    />
     PEOPLE
  </a>
  <a
    className="planets-link"
    href="www.google.com"
    name="planets"
    onClick={[Function]}
  >
    <i
      className="fas fa-globe"
    />
     PLANETS
  </a>
  <a
    className="vehicles-link"
    href="www.google.com"
    name="vehicles"
    onClick={[Function]}
  >
    <i
      className="fas fa-fighter-jet"
    />
     VEHICLES
  </a>
  <a
    className="favorites-link"
    href="www.google.com"
  >
    <i
      className="far fa-star"
    />
     FAVORITES [0]
  </a>
</div>
`;
