// Jest Snapshot v1, https://goo.gl/fbAQLP

exports[`Navigation should match the snapshot with all data passed in correctly 1`] = `
<div
  className="navigation-container"
>
  <div
    className="logo"
  >
    SWAPI.
  </div>
  <a
    href="www.google.com"
  >
    People
  </a>
  <a
    href="www.google.com"
  >
    Planets
  </a>
  <a
    href="www.google.com"
  >
    Vehicles
  </a>
  <a
    href="www.google.com"
  >
    View Favorites
  </a>
</div>
`;
