// Jest Snapshot v1, https://goo.gl/fbAQLP

exports[`Header should match the snapshot with all data passed in correctly 1`] = `
<div
  className="header"
>
  <h1
    className="header-text"
  >
    SWAPI
    <img
      className="light-saber"
      src="light-saber.png"
    />
    BOX
  </h1>
</div>
`;
