// Jest Snapshot v1, https://goo.gl/fbAQLP

exports[`App should match the snapshot with all data passed in correctly 1`] = `
<div
  className="App"
>
  <Header />
  <Navigation
    iitialNavPosition={250}
    navFixed={false}
    people={Array []}
  />
  <h2
    className="card-container-title"
  >
    PEOPLE:
  </h2>
  <CardContainer
    people={Array []}
  />
</div>
`;
