// Jest Snapshot v1, https://goo.gl/fbAQLP

exports[`App should match the snapshot with all data passed in correctly 1`] = `
<div
  className="App"
>
  <Header />
  <Navigation
    favorites={Array []}
    initialNavPosition={0}
    navFixed={false}
    people={Array []}
    planets={Array []}
    receiveSelected={[Function]}
    vehicles={Array []}
  />
  <ScrollText
    films={Object {}}
  />
</div>
`;
